
> react-kavia@0.1.0 start
> cross-env EDIT_MODE=true webpack serve --config .ve/webpack.config.js --mode development

<i> [webpack-dev-server] Project is running at:
<i> [webpack-dev-server] Loopback: http://localhost:3000/, http://[::1]:3000/
<i> [webpack-dev-server] On Your Network (IPv4): http://172.17.0.2:3000/
<i> [webpack-dev-server] Content not from webpack is served from './public' directory
Injecting EditorRootWrapper import: ../.ve/EditorRootWrapper
asset bundle.js 1.79 MiB [emitted] (name: main)
asset index.html 1.92 KiB [emitted]
runtime modules 28.7 KiB 15 modules
cacheable modules 1.6 MiB
  modules by path ./node_modules/ 1.54 MiB 34 modules
  modules by path ./src/ 50.2 KiB
    modules by path ./src/features/ 28.1 KiB 5 modules
    modules by path ./src/*.css 7.49 KiB 4 modules
    modules by path ./src/*.js 9.57 KiB 3 modules
    modules by path ./src/utils/*.js 2.22 KiB 2 modules
    + 1 module
  modules by path ./.ve/ 15.1 KiB
    modules by path ./.ve/*.js 10.6 KiB 2 modules
    modules by path ./.ve/*.css 2.93 KiB 2 modules
    ./.ve/EditorOverlay.jsx 1.58 KiB [built] [code generated]
webpack 5.99.9 compiled successfully in 1514 ms
